warning: Git tree '/home/stanley/dotfiles' is dirty
building the system configuration...
warning: Git tree '/home/stanley/dotfiles' is dirty
evaluation warning: 'system' has been renamed to/replaced by 'stdenv.hostPlatform.system'
evaluation warning: nixfmt-rfc-style is now the same as pkgs.nixfmt which should be used instead.
these 6 derivations will be built:
  /nix/store/1r5qv8a59fndy0q8l56abms3ijgjkwvb-xremap-config.yml.drv
  /nix/store/94fsfmgvpdh81q0p5ydm8mi9jm2xf17g-unit-xremap.service.drv
  /nix/store/qfjypk2ncny1qlghgalgrjlqxwkilh8n-user-units.drv
  /nix/store/801yixd6670qwpm261khrcjvir4c8c1v-etc.drv
  /nix/store/dal2y54r1wzzyj0pg92v9znqq723v3ax-activate.drv
  /nix/store/3ln1hpiasc1q9gd5dd8ab4mdfrf15jd6-nixos-system-nixos-26.05.20260116.e4bae1b.drv
building '/nix/store/1r5qv8a59fndy0q8l56abms3ijgjkwvb-xremap-config.yml.drv'...
building '/nix/store/94fsfmgvpdh81q0p5ydm8mi9jm2xf17g-unit-xremap.service.drv'...
building '/nix/store/qfjypk2ncny1qlghgalgrjlqxwkilh8n-user-units.drv'...
building '/nix/store/801yixd6670qwpm261khrcjvir4c8c1v-etc.drv'...
building '/nix/store/dal2y54r1wzzyj0pg92v9znqq723v3ax-activate.drv'...
building '/nix/store/3ln1hpiasc1q9gd5dd8ab4mdfrf15jd6-nixos-system-nixos-26.05.20260116.e4bae1b.drv'...
activating the configuration...
setting up /etc...
reloading user units for stanley...
restarting sysinit-reactivation.target
the following new units were started: NetworkManager-dispatcher.service
Done. The new configuration is /nix/store/p3kpp95c384bimzl9b7x2ygmppw1h3aa-nixos-system-nixos-26.05.20260116.e4bae1b
